// Jest Snapshot v1, https://goo.gl/fbAQLP

exports[`assignment.lua 1`] = `
"bbbbbbbbbbbbbbbbbbbbbbb = true
aaaaaaaaaaaaaaaaaaaaaaaaaaaaaaaaaaaaaaaaaaaaaaaaaaaaaaaaaaaaaaaaaaaaaaaaaaaaaaaaaaaaaaaaaaaaaaaaaaaaaaaa =
    bbbbbbbbbbbbbbbbbbbbbbb

local function foo()
    return 1, 2, 3
end
local a,
    bbbbbbbbbbbbbbbbbbbbbbbbbbbbbbbbbbbbbbbbbbbbbbbbbbbbbbbbbbbbbbbbbbbbbbb,
    c = foo()
print(
    a,
    bbbbbbbbbbbbbbbbbbbbbbbbbbbbbbbbbbbbbbbbbbbbbbbbbbbbbbbbbbbbbbbbbbbbbbb,
    c
)
"
`;
